\BOOKMARK [1][-]{section.1}{\376\377\225\356\230\230\200\314\146\157\116\016\221\315\217\360}{}% 1
\BOOKMARK [2][-]{subsection.1.1}{\376\377\225\356\230\230\200\314\146\157}{section.1}% 2
\BOOKMARK [2][-]{subsection.1.2}{\376\377\225\356\230\230\221\315\217\360}{section.1}% 3
\BOOKMARK [1][-]{section.2}{\376\377\152\041\127\213\120\107\213\276}{}% 4
\BOOKMARK [1][-]{section.3}{\376\377\173\046\123\367\213\364\146\016}{}% 5
\BOOKMARK [1][-]{section.4}{\376\377\225\356\230\230\122\006\147\220}{}% 6
\BOOKMARK [2][-]{subsection.4.1}{\376\377\225\356\230\230\116\000\122\006\147\220}{section.4}% 7
\BOOKMARK [2][-]{subsection.4.2}{\376\377\225\356\230\230\116\214\122\006\147\220}{section.4}% 8
\BOOKMARK [1][-]{section.5}{\376\377\225\356\230\230\116\000\166\204\152\041\127\213\136\372\172\313\116\016\154\102\211\343}{}% 9
\BOOKMARK [2][-]{subsection.5.1}{\376\377\123\125\153\041\211\302\155\113\166\204\123\112\136\163\227\142\210\150\171\072}{section.5}% 10
\BOOKMARK [2][-]{subsection.5.2}{\376\377\123\072\127\337\162\266\140\001\122\044\133\232\116\016\230\166\160\271\173\227\154\325}{section.5}% 11
\BOOKMARK [2][-]{subsection.5.3}{\376\377\133\232\117\115\123\072\127\337\166\364\137\204}{section.5}% 12
\BOOKMARK [2][-]{subsection.5.4}{\376\377\133\232\117\115\123\072\127\337\166\204\211\206\166\326}{section.5}% 13
\BOOKMARK [2][-]{subsection.5.5}{\376\377\117\335\213\301\156\005\226\144\122\044\143\156}{section.5}% 14
\BOOKMARK [2][-]{subsection.5.6}{\376\377\147\000\217\321\166\204\117\335\213\301\156\005\226\144\117\115\177\156}{section.5}% 15
\BOOKMARK [2][-]{subsection.5.7}{\376\377\154\102\211\343\176\323\147\234}{section.5}% 16
\BOOKMARK [1][-]{section.6}{\376\377\152\041\127\213\150\300\232\214}{}% 17
\BOOKMARK [1][-]{section.7}{\376\377\152\041\127\213\213\304\116\367\116\016\143\250\136\177}{}% 18
\BOOKMARK [2][-]{subsection.7.1}{\376\377\152\041\127\213\166\204\117\030\160\271}{section.7}% 19
\BOOKMARK [2][-]{subsection.7.2}{\376\377\152\041\127\213\166\204\134\100\226\120\140\047}{section.7}% 20
\BOOKMARK [2][-]{subsection.7.3}{\376\377\152\041\127\213\166\204\143\250\136\177}{section.7}% 21
