{
  "comparisons": {
    "thermal_time_coarse": {
      "coarse": "Ttime1024",
      "fine": "Tfrom_CCN12800_4096",
      "field": "T",
      "max_abs_difference": 1.6491327592405014e-07,
      "time_s": 1021,
      "radius_cm": 2.0,
      "rms_difference": 5.3947448786455e-08,
      "round4_disagreements": 23,
      "passes_4e_6": true
    },
    "thermal_time_final": {
      "coarse": "Tfrom_CCN12800_4096",
      "fine": "FINAL",
      "field": "T",
      "max_abs_difference": 5.3136659516894724e-08,
      "time_s": 1021,
      "radius_cm": 2.0,
      "rms_difference": 1.410833857992906e-08,
      "round4_disagreements": 10,
      "passes_4e_6": true,
      "observed_order": 1.6339281044553677
    },
    "thermal_space_final": {
      "coarse": "Tspace6400",
      "fine": "FINAL",
      "field": "T",
      "max_abs_difference": 3.5275200147566466e-06,
      "time_s": 1,
      "radius_cm": 2.0,
      "rms_difference": 4.711031396699997e-08,
      "round4_disagreements": 13,
      "passes_4e_6": true
    },
    "moisture_time_coarse_T": {
      "coarse": "Ctime1024",
      "fine": "Ctime2048",
      "field": "T",
      "max_abs_difference": 4.294186339848238e-08,
      "time_s": 1,
      "radius_cm": 2.0,
      "rms_difference": 4.914693961849515e-09,
      "round4_disagreements": 5,
      "passes_4e_6": true
    },
    "moisture_time_final_T": {
      "coarse": "Ctime2048",
      "fine": "FINAL",
      "field": "T",
      "max_abs_difference": 1.4712277618400549e-08,
      "time_s": 1,
      "radius_cm": 2.0,
      "rms_difference": 1.3585704633087909e-09,
      "round4_disagreements": 3,
      "passes_4e_6": true,
      "observed_order": 1.5453641876155328
    },
    "moisture_space_final_T": {
      "coarse": "Cspace6400",
      "fine": "FINAL",
      "field": "T",
      "max_abs_difference": 2.639994782782651e-06,
      "time_s": 1,
      "radius_cm": 2.0,
      "rms_difference": 9.454123975421919e-07,
      "round4_disagreements": 361,
      "passes_4e_6": true
    },
    "moisture_time_coarse_C": {
      "coarse": "CCN12800_1024",
      "fine": "CCN12800_2048",
      "field": "C",
      "max_abs_difference": 3.314846175328512e-09,
      "time_s": 51,
      "radius_cm": 2.0,
      "rms_difference": 3.450659411303212e-10,
      "round4_disagreements": 0,
      "passes_4e_6": true
    },
    "moisture_time_final_C": {
      "coarse": "CCN12800_2048",
      "fine": "CCN12800_4096",
      "field": "C",
      "max_abs_difference": 8.286917818622896e-10,
      "time_s": 51,
      "radius_cm": 2.0,
      "rms_difference": 8.648957444808705e-11,
      "round4_disagreements": 0,
      "passes_4e_6": true,
      "observed_order": 2.000034403811605
    },
    "moisture_space_final_C": {
      "coarse": "CCN6400_4096",
      "fine": "CCN12800_4096",
      "field": "C",
      "max_abs_difference": 2.920723135790837e-06,
      "time_s": 1,
      "radius_cm": 2.0,
      "rms_difference": 3.7322545018896154e-08,
      "round4_disagreements": 1,
      "passes_4e_6": true
    },
    "tight_C": {
      "coarse": "CCN12800_4096",
      "fine": "CCN12800_4096_tight",
      "field": "C",
      "max_abs_difference": 2.233768725545815e-13,
      "time_s": 403,
      "radius_cm": 0.0,
      "rms_difference": 5.519883825715316e-14,
      "round4_disagreements": 0,
      "passes_4e_6": true
    },
    "tight_T": {
      "coarse": "FINAL",
      "fine": "Ttight",
      "field": "T",
      "max_abs_difference": 1.4210854715202004e-12,
      "time_s": 1762,
      "radius_cm": 2.0,
      "rms_difference": 4.516254417367751e-13,
      "round4_disagreements": 0,
      "passes_4e_6": true
    }
  },
  "analytic": [
    {
      "case": "CN_bessel80",
      "N": 80,
      "independent_sample_max_error": 1.2071858243700717e-05,
      "all_node_integer_time_error": 1.2071858243700717e-05
    },
    {
      "case": "CN_bessel160",
      "N": 160,
      "independent_sample_max_error": 3.0221841669231253e-06,
      "all_node_integer_time_error": 3.0221841669231253e-06
    },
    {
      "case": "CN_bessel320",
      "N": 320,
      "independent_sample_max_error": 7.5580823022392e-07,
      "all_node_integer_time_error": 7.5580823022392e-07
    },
    {
      "case": "CCN_bessel80",
      "N": 80,
      "independent_sample_max_error": 1.875290198682933e-07,
      "all_node_integer_time_error": 1.875290198682933e-07
    },
    {
      "case": "CCN_bessel160",
      "N": 160,
      "independent_sample_max_error": 5.03713752930679e-08,
      "all_node_integer_time_error": 5.03713752930679e-08
    },
    {
      "case": "CCN_bessel320",
      "N": 320,
      "independent_sample_max_error": 1.2771792734511678e-08,
      "all_node_integer_time_error": 1.2771792734511678e-08
    },
    {
      "case": "CCN_mms80",
      "N": 80,
      "independent_sample_max_error": 3.787185680503846e-05,
      "all_node_integer_time_error": 3.787185680503846e-05
    },
    {
      "case": "CCN_mms160",
      "N": 160,
      "independent_sample_max_error": 1.0598885222146137e-05,
      "all_node_integer_time_error": 1.0598885222146137e-05
    },
    {
      "case": "CCN_mms320",
      "N": 320,
      "independent_sample_max_error": 2.7011166885415605e-06,
      "all_node_integer_time_error": 2.7011166885415605e-06
    }
  ],
  "CN_equilibrium": {
    "max_constant_error": 1.8118839761882555e-13
  },
  "CCN_equilibrium200": {
    "max_constant_error": 2.1183055309847987e-13
  },
  "zero_latent": {
    "max_difference": 3.410605131648481e-13
  },
  "BE_moisture_reference": {
    "coarse": "C12800_32768",
    "fine": "CCN12800_4096",
    "field": "C",
    "max_abs_difference": 6.944107404649458e-07,
    "time_s": 228,
    "radius_cm": 2.0,
    "rms_difference": 2.230614676019171e-07,
    "round4_disagreements": 41,
    "passes_4e_6": true
  },
  "BE_moisture_reference_coarse": {
    "coarse": "C12800_16384",
    "fine": "CCN12800_4096",
    "field": "C",
    "max_abs_difference": 1.388656050593795e-06,
    "time_s": 228,
    "radius_cm": 2.0,
    "rms_difference": 4.460993979867698e-07,
    "round4_disagreements": 91,
    "passes_4e_6": true
  },
  "BE_thermal_reference": {
    "coarse": "T800_65536_C8192",
    "fine": "CN800cross",
    "field": "T",
    "max_abs_difference": 3.4204782117797095e-05,
    "time_s": 1284,
    "radius_cm": 0.0,
    "rms_difference": 2.266368157688489e-05,
    "round4_disagreements": 7755,
    "passes_4e_6": false
  },
  "BE_thermal_reference_coarse": {
    "coarse": "T800_32768_C8192",
    "fine": "CN800cross",
    "field": "T",
    "max_abs_difference": 6.838660858221601e-05,
    "time_s": 1284,
    "radius_cm": 0.0,
    "rms_difference": 4.5312266945102805e-05,
    "round4_disagreements": 15565,
    "passes_4e_6": false
  }
}
