\BOOKMARK [1][-]{section.1}{\376\377\225\356\230\230\200\314\146\157\116\016\221\315\217\360}{}% 1
\BOOKMARK [2][-]{subsection.1.1}{\376\377\225\356\230\230\200\314\146\157}{section.1}% 2
\BOOKMARK [2][-]{subsection.1.2}{\376\377\225\356\230\230\221\315\217\360}{section.1}% 3
\BOOKMARK [1][-]{section.2}{\376\377\152\041\127\213\120\107\213\276}{}% 4
\BOOKMARK [1][-]{section.3}{\376\377\173\046\123\367\213\364\146\016}{}% 5
\BOOKMARK [1][-]{section.4}{\376\377\225\356\230\230\122\006\147\220}{}% 6
\BOOKMARK [2][-]{subsection.4.1}{\376\377\225\356\230\230\116\000\122\006\147\220}{section.4}% 7
\BOOKMARK [2][-]{subsection.4.2}{\376\377\225\356\230\230\116\214\122\006\147\220}{section.4}% 8
\BOOKMARK [2][-]{subsection.4.3}{\376\377\225\356\230\230\116\011\122\006\147\220}{section.4}% 9
\BOOKMARK [2][-]{subsection.4.4}{\376\377\225\356\230\230\126\333\122\006\147\220}{section.4}% 10
\BOOKMARK [1][-]{section.5}{\376\377\225\356\230\230\116\000\166\204\152\041\127\213\136\372\172\313\116\016\154\102\211\343}{}% 11
\BOOKMARK [2][-]{subsection.5.1}{\376\377\123\125\153\041\211\302\155\113\166\204\123\112\136\163\227\142\210\150\171\072}{section.5}% 12
\BOOKMARK [2][-]{subsection.5.2}{\376\377\123\072\127\337\162\266\140\001\122\044\133\232\116\016\230\166\160\271\173\227\154\325}{section.5}% 13
\BOOKMARK [2][-]{subsection.5.3}{\376\377\133\232\117\115\123\072\127\337\166\364\137\204}{section.5}% 14
\BOOKMARK [2][-]{subsection.5.4}{\376\377\133\232\117\115\123\072\127\337\166\204\211\206\166\326}{section.5}% 15
\BOOKMARK [2][-]{subsection.5.5}{\376\377\117\335\213\301\156\005\226\144\122\044\143\156}{section.5}% 16
\BOOKMARK [2][-]{subsection.5.6}{\376\377\147\000\217\321\166\204\117\335\213\301\156\005\226\144\117\115\177\156}{section.5}% 17
\BOOKMARK [2][-]{subsection.5.7}{\376\377\154\102\211\343\176\323\147\234}{section.5}% 18
\BOOKMARK [1][-]{section.6}{\376\377\225\356\230\230\116\214\377\032\173\054\116\214\150\300\155\113\160\271\166\204\116\044\171\315\117\030\123\026\152\041\127\213}{}% 19
\BOOKMARK [2][-]{subsection.6.1}{\376\377\165\061\211\302\155\113\117\341\140\157\147\204\220\040\133\232\117\115\123\072\127\337}{section.6}% 20
\BOOKMARK [2][-]{subsection.6.2}{\376\377\147\000\134\017\123\026\147\037\147\033\133\232\117\115\143\137\131\061\166\204\152\041\127\213}{section.6}% 21
\BOOKMARK [3][-]{subsubsection.6.2.1}{\376\377\231\226\153\041\211\302\155\113\124\016\166\204\151\202\163\207\146\364\145\260}{subsection.6.2}% 22
\BOOKMARK [3][-]{subsubsection.6.2.2}{\376\377\173\054\116\214\153\041\123\315\231\210\166\204\151\202\163\207\230\204\155\113}{subsection.6.2}% 23
\BOOKMARK [3][-]{subsubsection.6.2.3}{\376\377\143\137\131\061\121\375\145\160\116\016\220\011\160\271\166\356\150\007}{subsection.6.2}% 24
\BOOKMARK [2][-]{subsection.6.3}{\376\377\147\000\134\017\123\026\147\000\127\117\122\151\117\131\123\112\137\204\166\204\152\041\127\213}{section.6}% 25
\BOOKMARK [1][-]{section.7}{\376\377\152\041\127\213\150\300\232\214}{}% 26
\BOOKMARK [1][-]{section.8}{\376\377\152\041\127\213\213\304\116\367\116\016\143\250\136\177}{}% 27
\BOOKMARK [2][-]{subsection.8.1}{\376\377\152\041\127\213\166\204\117\030\160\271}{section.8}% 28
\BOOKMARK [2][-]{subsection.8.2}{\376\377\152\041\127\213\166\204\134\100\226\120\140\047}{section.8}% 29
\BOOKMARK [2][-]{subsection.8.3}{\376\377\152\041\127\213\166\204\143\250\136\177}{section.8}% 30
