\BOOKMARK [1][-]{section.1}{\376\377\225\356\230\230\200\314\146\157\116\016\221\315\217\360}{}% 1
\BOOKMARK [2][-]{subsection.1.1}{\376\377\225\356\230\230\200\314\146\157}{section.1}% 2
\BOOKMARK [2][-]{subsection.1.2}{\376\377\225\356\230\230\221\315\217\360}{section.1}% 3
\BOOKMARK [1][-]{section.2}{\376\377\152\041\127\213\120\107\213\276}{}% 4
\BOOKMARK [1][-]{section.3}{\376\377\173\046\123\367\213\364\146\016}{}% 5
\BOOKMARK [1][-]{section.4}{\376\377\225\356\230\230\122\006\147\220}{}% 6
\BOOKMARK [2][-]{subsection.4.1}{\376\377\225\356\230\230\116\000\122\006\147\220}{section.4}% 7
\BOOKMARK [2][-]{subsection.4.2}{\376\377\225\356\230\230\116\214\122\006\147\220}{section.4}% 8
\BOOKMARK [2][-]{subsection.4.3}{\376\377\225\356\230\230\116\011\122\006\147\220}{section.4}% 9
\BOOKMARK [2][-]{subsection.4.4}{\376\377\225\356\230\230\126\333\122\006\147\220}{section.4}% 10
\BOOKMARK [1][-]{section.5}{\376\377\225\356\230\230\116\000\166\204\152\041\127\213\116\016\154\102\211\343}{}% 11
\BOOKMARK [2][-]{subsection.5.1}{\376\377\123\125\153\041\211\302\155\113\166\204\123\112\136\163\227\142\210\150\171\072}{section.5}% 12
\BOOKMARK [2][-]{subsection.5.2}{\376\377\123\072\127\337\162\266\140\001\122\044\133\232\116\016\230\166\160\271\173\227\154\325}{section.5}% 13
\BOOKMARK [2][-]{subsection.5.3}{\376\377\133\232\117\115\123\072\127\337\166\364\137\204}{section.5}% 14
\BOOKMARK [2][-]{subsection.5.4}{\376\377\133\232\117\115\123\072\127\337\166\204\211\206\166\326}{section.5}% 15
\BOOKMARK [2][-]{subsection.5.5}{\376\377\117\335\213\301\156\005\226\144\122\044\143\156}{section.5}% 16
\BOOKMARK [2][-]{subsection.5.6}{\376\377\147\000\217\321\166\204\117\335\213\301\156\005\226\144\117\115\177\156}{section.5}% 17
\BOOKMARK [2][-]{subsection.5.7}{\376\377\154\102\211\343\176\323\147\234}{section.5}% 18
\BOOKMARK [1][-]{section.6}{\376\377\225\356\230\230\116\214\166\204\152\041\127\213\116\016\154\102\211\343}{}% 19
\BOOKMARK [2][-]{subsection.6.1}{\376\377\121\306\131\007\135\345\117\134\377\032\165\061\211\302\155\113\117\341\140\157\147\204\220\040\133\232\117\115\123\072\127\337}{section.6}% 20
\BOOKMARK [2][-]{subsection.6.2}{\376\377\123\315\231\210\124\016\166\204\176\337\116\000\133\232\117\115\143\137\131\061}{section.6}% 21
\BOOKMARK [2][-]{subsection.6.3}{\376\377\147\000\134\017\123\026\147\037\147\033\133\232\117\115\143\137\131\061\166\204\152\041\127\213}{section.6}% 22
\BOOKMARK [3][-]{subsubsection.6.3.1}{\376\377\126\372\133\232\127\060\160\271\213\357\135\356\166\204\151\202\163\207\143\317\217\360}{subsection.6.3}% 23
\BOOKMARK [3][-]{subsubsection.6.3.2}{\376\377\231\226\153\041\211\302\155\113\124\016\166\204\151\202\163\207\146\364\145\260}{subsection.6.3}% 24
\BOOKMARK [3][-]{subsubsection.6.3.3}{\376\377\173\054\116\214\153\041\123\315\231\210\166\204\151\202\163\207\230\204\155\113}{subsection.6.3}% 25
\BOOKMARK [3][-]{subsubsection.6.3.4}{\376\377\147\037\147\033\143\137\131\061}{subsection.6.3}% 26
\BOOKMARK [2][-]{subsection.6.4}{\376\377\147\000\134\017\123\026\147\000\127\117\122\151\117\131\123\112\137\204\166\204\152\041\127\213}{section.6}% 27
\BOOKMARK [2][-]{subsection.6.5}{\376\377\220\011\160\271\116\016\120\031\220\011\123\072\127\337}{section.6}% 28
\BOOKMARK [1][-]{section.7}{\376\377\225\356\230\230\116\011\166\204\152\041\127\213\116\016\154\102\211\343}{}% 29
\BOOKMARK [2][-]{subsection.7.1}{\376\377\116\373\122\241\147\141\116\366\116\016\145\366\225\364\215\046\147\054}{section.7}% 30
\BOOKMARK [2][-]{subsection.7.2}{\376\377\123\125\156\220\133\232\117\115\123\072\127\337\116\016\117\335\213\301\156\005\226\144}{section.7}% 31
\BOOKMARK [2][-]{subsection.7.3}{\376\377\215\037\211\302\155\113\166\204\117\341\140\157\116\016\143\245\145\066\123\112\137\204\176\246\147\137}{section.7}% 32
\BOOKMARK [2][-]{subsection.7.4}{\376\377\217\336\176\355\127\072\127\060\166\204\120\134\153\142\213\301\143\156}{section.7}% 33
\BOOKMARK [2][-]{subsection.7.5}{\376\377\123\321\163\260\040\024\133\232\117\115\040\024\156\005\226\144}{section.7}% 34
\BOOKMARK [2][-]{subsection.7.6}{\376\377\142\020\147\054\141\037\167\345\166\204\147\011\226\120\153\145\122\250\117\134\213\304\116\367}{section.7}% 35
\BOOKMARK [2][-]{subsection.7.7}{\376\377\154\102\211\343\176\323\147\234}{section.7}% 36
\BOOKMARK [2][-]{subsection.7.8}{\376\377\147\011\145\110\140\047\150\300\232\214\116\016\147\052\217\276\150\007\213\364\146\016}{section.7}% 37
\BOOKMARK [1][-]{section.8}{\376\377\152\041\127\213\150\300\232\214}{}% 38
\BOOKMARK [1][-]{section.9}{\376\377\152\041\127\213\213\304\116\367\116\016\143\250\136\177}{}% 39
\BOOKMARK [2][-]{subsection.9.1}{\376\377\152\041\127\213\166\204\117\030\160\271}{section.9}% 40
\BOOKMARK [2][-]{subsection.9.2}{\376\377\152\041\127\213\166\204\134\100\226\120\140\047}{section.9}% 41
\BOOKMARK [2][-]{subsection.9.3}{\376\377\152\041\127\213\166\204\143\250\136\177}{section.9}% 42
